=== RC-R1 BRIDGE round start 2026-08-17T14:46:03Z commit 371f29b
=== arm table (predeclared): 2 x 8M seeds {20260919 20260921}, 256x128, persistent, reward none, warm-start MARATHON_BASELINE_V0, topadv 0.25, curriculum competence-spawn [8,17], schedules rc1 (fresh opt_state), accumulate-minibatches 8 (OOM repair, single-step semantics)
=== RC-R1-BRIDGE-S1 (256x128 seed=20260919 carry=persistent budget=8388608 topadv=0.25 curriculum=competence-spawn schedules=rc1 accumulate=8) start 2026-08-17T14:46:04Z
{
  "actual_transitions": 8388608,
  "arm_id": "RC-R1-BRIDGE-S1",
  "budget_transitions": 8388608,
  "curriculum": "competence-spawn",
  "curriculum_evals": [
    {
      "advanced": false,
      "decided": 7,
      "draw_share_at_cap": 0.890625,
      "games": 64,
      "losses": 7,
      "stage_after": 0,
      "stage_before": 0,
      "update": 31,
      "win_rate_vs_decided": 0.0,
      "wins": 0
    },
    {
      "advanced": false,
      "decided": 7,
      "draw_share_at_cap": 0.890625,
      "games": 64,
      "losses": 7,
      "stage_after": 0,
      "stage_before": 0,
      "update": 63,
      "win_rate_vs_decided": 0.0,
      "wins": 0
    },
    {
      "advanced": false,
      "decided": 10,
      "draw_share_at_cap": 0.84375,
      "games": 64,
      "losses": 9,
      "stage_after": 0,
      "stage_before": 0,
      "update": 95,
      "win_rate_vs_decided": 0.1,
      "wins": 1
    },
    {
      "advanced": false,
      "decided": 6,
      "draw_share_at_cap": 0.90625,
      "games": 64,
      "losses": 6,
      "stage_after": 0,
      "stage_before": 0,
      "update": 127,
      "win_rate_vs_decided": 0.0,
      "wins": 0
    },
    {
      "advanced": false,
      "decided": 8,
      "draw_share_at_cap": 0.875,
      "games": 64,
      "losses": 8,
      "stage_after": 0,
      "stage_before": 0,
      "update": 159,
      "win_rate_vs_decided": 0.0,
      "wins": 0
    },
    {
      "advanced": false,
      "decided": 6,
      "draw_share_at_cap": 0.90625,
      "games": 64,
      "losses": 5,
      "stage_after": 0,
      "stage_before": 0,
      "update": 191,
      "win_rate_vs_decided": 0.16666666666666666,
      "wins": 1
    },
    {
      "advanced": false,
      "decided": 7,
      "draw_share_at_cap": 0.890625,
      "games": 64,
      "losses": 7,
      "stage_after": 0,
      "stage_before": 0,
      "update": 223,
      "win_rate_vs_decided": 0.0,
      "wins": 0
    },
    {
      "advanced": false,
      "decided": 8,
      "draw_share_at_cap": 0.875,
      "games": 64,
      "losses": 8,
      "stage_after": 0,
      "stage_before": 0,
      "update": 255,
      "win_rate_vs_decided": 0.0,
      "wins": 0
    }
  ],
  "curriculum_final_stage": 0,
  "curriculum_stages": [
    8,
    17
  ],
  "eliminated": false,
  "elimination": [],
  "episode_carry": "persistent",
  "finished_at_utc": "2026-08-17T15:29:20Z",
  "geometry": {
    "num_envs": 256,
    "rollout_len": 128
  },
  "kind": "SH_R1_ARM_SUMMARY",
  "metrics": {
    "DECISIVE_SHARE_FIRST": 3.0517578125e-05,
    "DECISIVE_SHARE_LAST": 0.0,
    "ENTROPY_FIRST": 1.9485536813735962,
    "ENTROPY_LAST": 5.3284454345703125,
    "OPP_WIN_SHARE_FIRST": 0.0,
    "OPP_WIN_SHARE_LAST": 0.0,
    "PG_FIRST": -0.0006472337408922613,
    "PG_LAST": -1.131035219259502e-06,
    "RATIO_FIRST": 0.9999991655349731,
    "RATIO_LAST": 1.0000005960464478,
    "VALID_LEARNING_SHARE": 1.0,
    "VLOSS_FIRST": 2.362673759460449,
    "VLOSS_LAST": 2.3514819145202637,
    "VLOSS_REDUCTION_OVER_ROUND": 0.011191844940185547
  },
  "min_generals_distance": 17,
  "opponent_checkpoint": null,
  "opponent_mode": "self",
  "opponent_sha256_after": null,
  "opponent_sha256_before": null,
  "reward_shape": "none",
  "reward_shape_beta": 0.0,
  "schedules": "rc1",
  "seed": 20260919,
  "stop_reason": "BUDGET_REACHED",
  "temporal_history": "off",
  "throughput": {
    "collect_tps": 30502.316042132872,
    "collect_wall_s": 275.0154443489737,
    "end_to_end_tps": 3446.759550912948,
    "reset_pool_build_s": 98.43423103098758,
    "total_wall_s": 2481.6341968689812,
    "update_wall_s": 2158.7510763757164
  },
  "top_advantage_fraction": 0.25,
  "updates": 256
}
=== RC-R1-BRIDGE-S1 exit=0 2026-08-17T15:29:30Z
=== RC-R1-BRIDGE-S2 (256x128 seed=20260921 carry=persistent budget=8388608 topadv=0.25 curriculum=competence-spawn schedules=rc1 accumulate=8) start 2026-08-17T15:29:30Z
{
  "actual_transitions": 8388608,
  "arm_id": "RC-R1-BRIDGE-S2",
  "budget_transitions": 8388608,
  "curriculum": "competence-spawn",
  "curriculum_evals": [
    {
      "advanced": false,
      "decided": 10,
      "draw_share_at_cap": 0.84375,
      "games": 64,
      "losses": 10,
      "stage_after": 0,
      "stage_before": 0,
      "update": 31,
      "win_rate_vs_decided": 0.0,
      "wins": 0
    },
    {
      "advanced": false,
      "decided": 6,
      "draw_share_at_cap": 0.90625,
      "games": 64,
      "losses": 6,
      "stage_after": 0,
      "stage_before": 0,
      "update": 63,
      "win_rate_vs_decided": 0.0,
      "wins": 0
    },
    {
      "advanced": false,
      "decided": 2,
      "draw_share_at_cap": 0.96875,
      "games": 64,
      "losses": 2,
      "stage_after": 0,
      "stage_before": 0,
      "update": 95,
      "win_rate_vs_decided": 0.0,
      "wins": 0
    },
    {
      "advanced": false,
      "decided": 7,
      "draw_share_at_cap": 0.890625,
      "games": 64,
      "losses": 7,
      "stage_after": 0,
      "stage_before": 0,
      "update": 127,
      "win_rate_vs_decided": 0.0,
      "wins": 0
    },
    {
      "advanced": false,
      "decided": 6,
      "draw_share_at_cap": 0.90625,
      "games": 64,
      "losses": 6,
      "stage_after": 0,
      "stage_before": 0,
      "update": 159,
      "win_rate_vs_decided": 0.0,
      "wins": 0
    },
    {
      "advanced": false,
      "decided": 4,
      "draw_share_at_cap": 0.9375,
      "games": 64,
      "losses": 4,
      "stage_after": 0,
      "stage_before": 0,
      "update": 191,
      "win_rate_vs_decided": 0.0,
      "wins": 0
    },
    {
      "advanced": false,
      "decided": 4,
      "draw_share_at_cap": 0.9375,
      "games": 64,
      "losses": 4,
      "stage_after": 0,
      "stage_before": 0,
      "update": 223,
      "win_rate_vs_decided": 0.0,
      "wins": 0
    },
    {
      "advanced": false,
      "decided": 3,
      "draw_share_at_cap": 0.953125,
      "games": 64,
      "losses": 3,
      "stage_after": 0,
      "stage_before": 0,
      "update": 255,
      "win_rate_vs_decided": 0.0,
      "wins": 0
    }
  ],
  "curriculum_final_stage": 0,
  "curriculum_stages": [
    8,
    17
  ],
  "eliminated": false,
  "elimination": [],
  "episode_carry": "persistent",
  "finished_at_utc": "2026-08-17T16:12:06Z",
  "geometry": {
    "num_envs": 256,
    "rollout_len": 128
  },
  "kind": "SH_R1_ARM_SUMMARY",
  "metrics": {
    "DECISIVE_SHARE_FIRST": 0.0,
    "DECISIVE_SHARE_LAST": 0.0,
    "ENTROPY_FIRST": 1.9283277988433838,
    "ENTROPY_LAST": 5.5064167976379395,
    "OPP_WIN_SHARE_FIRST": 0.0,
    "OPP_WIN_SHARE_LAST": 0.0,
    "PG_FIRST": -0.000345704989740625,
    "PG_LAST": -2.6829468424693914e-06,
    "RATIO_FIRST": 1.0000001192092896,
    "RATIO_LAST": 1.0000016689300537,
    "VALID_LEARNING_SHARE": 1.0,
    "VLOSS_FIRST": 2.356882333755493,
    "VLOSS_LAST": 2.3515636920928955,
    "VLOSS_REDUCTION_OVER_ROUND": 0.005318641662597656
  },
  "min_generals_distance": 17,
  "opponent_checkpoint": null,
  "opponent_mode": "self",
  "opponent_sha256_after": null,
  "opponent_sha256_before": null,
  "reward_shape": "none",
  "reward_shape_beta": 0.0,
  "schedules": "rc1",
  "seed": 20260921,
  "stop_reason": "BUDGET_REACHED",
  "temporal_history": "off",
  "throughput": {
    "collect_tps": 30594.092464170375,
    "collect_wall_s": 274.19045065069804,
    "end_to_end_tps": 3507.75056505342,
    "reset_pool_build_s": 91.9923493579845,
    "total_wall_s": 2438.4558401459944,
    "update_wall_s": 2117.258953868819
  },
  "top_advantage_fraction": 0.25,
  "updates": 256
}
=== RC-R1-BRIDGE-S2 exit=0 2026-08-17T16:12:19Z
=== RC-R1 BRIDGE round end 2026-08-17T16:12:19Z
